// Jest Snapshot v1, https://goo.gl/fbAQLP

exports[`Should correctly render ExpensesSummary with 1 expense 1`] = `ShallowWrapper {}`;

exports[`Should correctly render ExpensesSummary with multiple expense 1`] = `ShallowWrapper {}`;
